{"time":"2024-11-08T18:56:32.721503851Z","level":"INFO","prefix":"-","file":"test.go","line":"381","message":"Line 320"}
{"time":"2024-11-08T18:56:32.721610509Z","level":"INFO","prefix":"-","file":"test.go","line":"396","message":"start uploading"}